Archive member included to satisfy reference by file (symbol)

D:/pico/gcc-arm-none-eabi/bin/../lib/gcc/arm-none-eabi/13.3.1/thumb/v6-m/nofp\libgcc.a(_dvmd_tls.o)
                              CMakeFiles/blink.dir/D_/pico/pico-sdk/src/rp2_common/pico_divider/divider.S.obj (__aeabi_idiv0)
D:/pico/gcc-arm-none-eabi/bin/../lib/gcc/arm-none-eabi/13.3.1/thumb/v6-m/nofp\libc.a(libc_a-calloc.o)
                              CMakeFiles/blink.dir/D_/pico/pico-sdk/src/rp2_common/pico_malloc/pico_malloc.c.obj (calloc)
D:/pico/gcc-arm-none-eabi/bin/../lib/gcc/arm-none-eabi/13.3.1/thumb/v6-m/nofp\libc.a(libc_a-callocr.o)
                              D:/pico/gcc-arm-none-eabi/bin/../lib/gcc/arm-none-eabi/13.3.1/thumb/v6-m/nofp\libc.a(libc_a-calloc.o) (_calloc_r)
D:/pico/gcc-arm-none-eabi/bin/../lib/gcc/arm-none-eabi/13.3.1/thumb/v6-m/nofp\libc.a(libc_a-malloc.o)
                              CMakeFiles/blink.dir/D_/pico/pico-sdk/src/rp2_common/pico_malloc/pico_malloc.c.obj (malloc)
D:/pico/gcc-arm-none-eabi/bin/../lib/gcc/arm-none-eabi/13.3.1/thumb/v6-m/nofp\libc.a(libc_a-mallocr.o)
                              D:/pico/gcc-arm-none-eabi/bin/../lib/gcc/arm-none-eabi/13.3.1/thumb/v6-m/nofp\libc.a(libc_a-callocr.o) (_malloc_r)
D:/pico/gcc-arm-none-eabi/bin/../lib/gcc/arm-none-eabi/13.3.1/thumb/v6-m/nofp\libc.a(libc_a-mlock.o)
                              D:/pico/gcc-arm-none-eabi/bin/../lib/gcc/arm-none-eabi/13.3.1/thumb/v6-m/nofp\libc.a(libc_a-mallocr.o) (__malloc_lock)
D:/pico/gcc-arm-none-eabi/bin/../lib/gcc/arm-none-eabi/13.3.1/thumb/v6-m/nofp\libc.a(libc_a-realloc.o)
                              CMakeFiles/blink.dir/D_/pico/pico-sdk/src/rp2_common/pico_malloc/pico_malloc.c.obj (realloc)
D:/pico/gcc-arm-none-eabi/bin/../lib/gcc/arm-none-eabi/13.3.1/thumb/v6-m/nofp\libc.a(libc_a-reallocr.o)
                              D:/pico/gcc-arm-none-eabi/bin/../lib/gcc/arm-none-eabi/13.3.1/thumb/v6-m/nofp\libc.a(libc_a-realloc.o) (_realloc_r)
D:/pico/gcc-arm-none-eabi/bin/../lib/gcc/arm-none-eabi/13.3.1/thumb/v6-m/nofp\libc.a(libc_a-memmove.o)
                              D:/pico/gcc-arm-none-eabi/bin/../lib/gcc/arm-none-eabi/13.3.1/thumb/v6-m/nofp\libc.a(libc_a-reallocr.o) (memmove)
D:/pico/gcc-arm-none-eabi/bin/../lib/gcc/arm-none-eabi/13.3.1/thumb/v6-m/nofp\libc.a(libc_a-impure.o)
                              D:/pico/gcc-arm-none-eabi/bin/../lib/gcc/arm-none-eabi/13.3.1/thumb/v6-m/nofp\libc.a(libc_a-calloc.o) (_impure_ptr)
D:/pico/gcc-arm-none-eabi/bin/../lib/gcc/arm-none-eabi/13.3.1/thumb/v6-m/nofp\libc.a(libc_a-sbrkr.o)
                              D:/pico/gcc-arm-none-eabi/bin/../lib/gcc/arm-none-eabi/13.3.1/thumb/v6-m/nofp\libc.a(libc_a-mallocr.o) (_sbrk_r)
D:/pico/gcc-arm-none-eabi/bin/../lib/gcc/arm-none-eabi/13.3.1/thumb/v6-m/nofp\libc.a(libc_a-errno.o)
                              D:/pico/gcc-arm-none-eabi/bin/../lib/gcc/arm-none-eabi/13.3.1/thumb/v6-m/nofp\libc.a(libc_a-callocr.o) (__errno)
D:/pico/gcc-arm-none-eabi/bin/../lib/gcc/arm-none-eabi/13.3.1/thumb/v6-m/nofp\libc.a(libc_a-init.o)
                              D:/pico/gcc-arm-none-eabi/bin/../lib/gcc/arm-none-eabi/13.3.1/thumb/v6-m/nofp/crt0.o (__libc_init_array)
D:/pico/gcc-arm-none-eabi/bin/../lib/gcc/arm-none-eabi/13.3.1/thumb/v6-m/nofp\libc.a(libc_a-lock.o)
                              D:/pico/gcc-arm-none-eabi/bin/../lib/gcc/arm-none-eabi/13.3.1/thumb/v6-m/nofp\libc.a(libc_a-mlock.o) (__retarget_lock_acquire_recursive)
D:/pico/gcc-arm-none-eabi/bin/../lib/gcc/arm-none-eabi/13.3.1/thumb/v6-m/nofp\libc.a(libc_a-sysconf.o)
                              D:/pico/gcc-arm-none-eabi/bin/../lib/gcc/arm-none-eabi/13.3.1/thumb/v6-m/nofp\libc.a(libc_a-mallocr.o) (sysconf)
D:/pico/gcc-arm-none-eabi/bin/../lib/gcc/arm-none-eabi/13.3.1/thumb/v6-m/nofp\libc.a(libc_a-strlen-stub.o)
                              CMakeFiles/blink.dir/D_/pico/pico-sdk/src/rp2_common/pico_stdio/stdio.c.obj (strlen)
D:/pico/gcc-arm-none-eabi/bin/../lib/gcc/arm-none-eabi/13.3.1/thumb/v6-m/nofp\libc.a(libc_a-freer.o)
                              D:/pico/gcc-arm-none-eabi/bin/../lib/gcc/arm-none-eabi/13.3.1/thumb/v6-m/nofp\libc.a(libc_a-malloc.o) (_free_r)
D:/pico/gcc-arm-none-eabi/bin/../lib/gcc/arm-none-eabi/13.3.1/thumb/v6-m/nofp\libc.a(libc_a-findfp.o)
                              D:/pico/gcc-arm-none-eabi/bin/../lib/gcc/arm-none-eabi/13.3.1/thumb/v6-m/nofp\libc.a(libc_a-impure.o) (__sf)
D:/pico/gcc-arm-none-eabi/bin/../lib/gcc/arm-none-eabi/13.3.1/thumb/v6-m/nofp\libc.a(libc_a-fwalk.o)
                              D:/pico/gcc-arm-none-eabi/bin/../lib/gcc/arm-none-eabi/13.3.1/thumb/v6-m/nofp\libc.a(libc_a-findfp.o) (_fwalk_sglue)
D:/pico/gcc-arm-none-eabi/bin/../lib/gcc/arm-none-eabi/13.3.1/thumb/v6-m/nofp\libc.a(libc_a-stdio.o)
                              D:/pico/gcc-arm-none-eabi/bin/../lib/gcc/arm-none-eabi/13.3.1/thumb/v6-m/nofp\libc.a(libc_a-findfp.o) (__sread)
D:/pico/gcc-arm-none-eabi/bin/../lib/gcc/arm-none-eabi/13.3.1/thumb/v6-m/nofp\libc.a(libc_a-closer.o)
[...]
Memory Configuration

Name             Origin             Length             Attributes
FLASH            0x10000000         0x00200000         xr
RAM              0x20000000         0x00040000         xrw
SCRATCH_X        0x20040000         0x00001000         xrw
SCRATCH_Y        0x20041000         0x00001000         xrw
*default*        0x00000000         0xffffffff

Linker script and memory map

LOAD D:/pico/gcc-arm-none-eabi/bin/../lib/gcc/arm-none-eabi/13.3.1/thumb/v6-m/nofp/crti.o
LOAD D:/pico/gcc-arm-none-eabi/bin/../lib/gcc/arm-none-eabi/13.3.1/thumb/v6-m/nofp/crtbegin.o
LOAD D:/pico/gcc-arm-none-eabi/bin/../lib/gcc/arm-none-eabi/13.3.1/thumb/v6-m/nofp/crt0.o

.flash_begin    0x10000000        0x0
                0x10000000                        __flash_binary_start = .

.boot2          0x10000000      0x100
                0x10000000                        __boot2_start__ = .
 *(.boot2)
 .boot2         0x10000000      0x100 C:\Users\JANAAH~1\AppData\Local\Temp\ccUTaiQH.o
                0x10000100                        __boot2_end__ = .
                0x00000001                        ASSERT (((__boot2_end__ - __boot2_start__) == 0x100), ERROR: Pico second stage bootloader must be 256 bytes in size)

.text           0x10000100     0x3e40
                0x10000100                        __logical_binary_start = .
 *(.vectors)
 .vectors       0x10000100       0xd4 CMakeFiles/blink.dir/D_/pico/pico-sdk/src/rp2_common/pico_standard_link/crt0.S.obj
                0x10000100                __VECTOR_TABLE
                0x10000100                __vectors
                0x100001c0                isr_invalid
                0x100001c0                __default_isrs_start
                0x100001c2                isr_nmi
                0x100001c4                isr_hardfault
                0x100001c6                isr_svcall
                0x100001c8                isr_pendsv
                0x100001ca                isr_systick
                0x100001cc                isr_irq23
                0x100001cc                isr_irq18
                0x100001cc                isr_irq11
                0x100001cc                isr_irq28
                0x100001cc                isr_irq19
                0x100001cc                isr_irq0
                0x100001cc                isr_irq6
                0x100001cc                isr_irq5
                0x100001cc                isr_irq12
                0x100001cc                isr_irq22
                0x100001cc                isr_irq31
                0x100001cc                isr_irq17
                0x100001cc                isr_irq27
                0x100001cc                isr_irq30
                0x100001cc                isr_irq2
                0x100001cc                isr_irq10
                0x100001cc                isr_irq8
                0x100001cc                isr_irq24
                0x100001cc                isr_irq1
                0x100001cc                isr_irq7
                0x100001cc                isr_irq21
                0x100001cc                isr_irq20
                0x100001cc                isr_irq15
                0x100001cc                isr_irq25
                0x100001cc                isr_irq13
                0x100001cc                __unhandled_user_irq
                0x100001cc                isr_irq4
                0x100001cc                isr_irq16
                0x100001cc                isr_irq29
                0x100001cc                isr_irq26
                0x100001cc                __default_isrs_end
                0x100001cc                isr_irq3
                0x100001cc                isr_irq14
                0x100001cc                isr_irq9
                0x100001d2                unhandled_user_irq_num_in_r0
 *(.binary_info_header)
 .binary_info_header
                0x100001d4       0x14 CMakeFiles/blink.dir/D_/pico/pico-sdk/src/rp2_common/pico_standard_link/crt0.S.obj
                0x100001e8                        __binary_info_header_end = .
 *(.reset)
 .reset         0x100001e8       0xa0 CMakeFiles/blink.dir/D_/pico/pico-sdk/src/rp2_common/pico_standard_link/crt0.S.obj
                0x100001e8                _entry_point
 .reset         0x10000288       0x30 CMakeFiles/blink.dir/D_/pico/pico-sdk/src/rp2_common/pico_standard_link/binary_info.c.obj
 *(.init)
 .init          0x100002b8        0x4 D:/pico/gcc-arm-none-eabi/bin/../lib/gcc/arm-none-eabi/13.3.1/thumb/v6-m/nofp/crti.o
                0x100002b8                _init
 *(EXCLUDE_FILE(*libm.a: *libc.a:*lib_a-mem*.o *libgcc.a:) .text*)
 .text.register_tm_clones
                0x100002bc       0x28 D:/pico/gcc-arm-none-eabi/bin/../lib/gcc/arm-none-eabi/13.3.1/thumb/v6-m/nofp/crtbegin.o
 .text.frame_dummy
                0x100002e4       0x24 D:/pico/gcc-arm-none-eabi/bin/../lib/gcc/arm-none-eabi/13.3.1/thumb/v6-m/nofp/crtbegin.o
 .text.ultrasonic_task
                0x10000308       0x24 CMakeFiles/blink.dir/main.c.obj
                0x10000308                ultrasonic_task
 .text.light_task
                0x1000032c       0x1c CMakeFiles/blink.dir/main.c.obj
                0x1000032c                light_task
 .text.sound_task
                0x10000348       0x28 CMakeFiles/blink.dir/main.c.obj
                0x10000348                sound_task
 .text.startup.main
                0x10000370       0x74 CMakeFiles/blink.dir/main.c.obj
                0x10000370                main
 .text.sound_detector_init
                0x100003e4       0x14 CMakeFiles/blink.dir/sound.c.obj
                0x100003e4                sound_detector_init
 .text.is_sound_detected
                0x100003f8        0xc CMakeFiles/blink.dir/sound.c.obj
                0x100003f8                is_sound_detected
 .text.ldr_init
                0x10000404       0x14 CMakeFiles/blink.dir/LD.c.obj
                0x10000404                ldr_init
 .text.is_light_detected
                0x10000418       0x10 CMakeFiles/blink.dir/LD.c.obj
                0x10000418                is_light_detected
 .text.motor_init
                0x10000428       0x78 CMakeFiles/blink.dir/motor.c.obj
                0x10000428                motor_init
 .text.motor_control
                0x100004a0       0x68 CMakeFiles/blink.dir/motor.c.obj
                0x100004a0                motor_control
 .text.led_init
                0x10000508       0x14 CMakeFiles/blink.dir/led.c.obj
                0x10000508                led_init
 .text.led_on   0x1000051c        0xc CMakeFiles/blink.dir/led.c.obj
                0x1000051c                led_on
 .text.led_off  0x10000528        0xc CMakeFiles/blink.dir/led.c.obj
                0x10000528                led_off
 .text.init_ultrasonic
                0x10000534       0x24 CMakeFiles/blink.dir/ultrasonic.c.obj
                0x10000534                init_ultrasonic
 .text.measure_distance
                0x10000558       0x64 CMakeFiles/blink.dir/ultrasonic.c.obj
                0x10000558                measure_distance
 .text.buzzer_init
                0x100005bc       0x18 CMakeFiles/blink.dir/buzzer.c.obj
                0x100005bc                buzzer_init
 .text.buzzer_on
                0x100005d4        0xc CMakeFiles/blink.dir/buzzer.c.obj
                0x100005d4                buzzer_on
 .text.buzzer_off
                0x100005e0        0xc CMakeFiles/blink.dir/buzzer.c.obj
                0x100005e0                buzzer_off
 .text.vListInitialise
                0x100005ec       0x18 CMakeFiles/blink.dir/FreeRTOS-Kernel/list.c.obj
                0x100005ec                vListInitialise
 .text.vListInitialiseItem
                0x10000604        0x8 CMakeFiles/blink.dir/FreeRTOS-Kernel/list.c.obj
                0x10000604                vListInitialiseItem
 .text.vListInsert
                0x1000060c       0x30 CMakeFiles/blink.dir/FreeRTOS-Kernel/list.c.obj
                0x1000060c                vListInsert
 .text.uxListRemove
                0x1000063c       0x20 CMakeFiles/blink.dir/FreeRTOS-Kernel/list.c.obj
                0x1000063c                uxListRemove
 .text.prvTaskExitError
                0x1000065c       0x14 CMakeFiles/blink.dir/FreeRTOS-Kernel/portable/GCC/ARM_CM0/port.c.obj
 .text.vPortSetupTimerInterrupt
                0x10000670       0x28 CMakeFiles/blink.dir/FreeRTOS-Kernel/portable/GCC/ARM_CM0/port.c.obj
                0x10000670                vPortSetupTimerInterrupt
 .text.vPortYield
                0x10000698       0x18 CMakeFiles/blink.dir/FreeRTOS-Kernel/portable/GCC/ARM_CM0/port.c.obj
                0x10000698                vPortYield
 .text.vPortEnterCritical
                0x100006b0       0x18 CMakeFiles/blink.dir/FreeRTOS-Kernel/portable/GCC/ARM_CM0/port.c.obj
                0x100006b0                vPortEnterCritical
 .text.vPortExitCritical
                0x100006c8       0x18 CMakeFiles/blink.dir/FreeRTOS-Kernel/portable/GCC/ARM_CM0/port.c.obj
                0x100006c8                vPortExitCritical
 .text.pxPortInitialiseStack
                0x100006e0       0xa0 CMakeFiles/blink.dir/FreeRTOS-Kernel/portable/GCC/ARM_CM0/port.c.obj
                0x100006e0                pxPortInitialiseStack
 .text.xPortStartScheduler
                0x10000780       0x4c CMakeFiles/blink.dir/FreeRTOS-Kernel/portable/GCC/ARM_CM0/port.c.obj
                0x10000780                xPortStartScheduler
 .text.pvPortMalloc
                0x100007cc      0x124 CMakeFiles/blink.dir/FreeRTOS-Kernel/portable/MemMang/heap_4.c.obj
                0x100007cc                pvPortMalloc
 .text.vPortFree
                0x100008f0       0x98 CMakeFiles/blink.dir/FreeRTOS-Kernel/portable/MemMang/heap_4.c.obj
                0x100008f0                vPortFree
 .text.prvUnlockQueue
                0x10000988      0x180 CMakeFiles/blink.dir/FreeRTOS-Kernel/queue.c.obj
 .text.xQueueGenericCreate
                0x10000b08       0xa4 CMakeFiles/blink.dir/FreeRTOS-Kernel/queue.c.obj
                0x10000b08                xQueueGenericCreate
 .text.xQueueReceive
                0x10000bac      0x11c CMakeFiles/blink.dir/FreeRTOS-Kernel/queue.c.obj
                0x10000bac                xQueueReceive
 .text.vQueueAddToRegistry
                0x10000cc8      0x118 CMakeFiles/blink.dir/FreeRTOS-Kernel/queue.c.obj
                0x10000cc8                vQueueAddToRegistry
 .text.vQueueWaitForMessageRestricted
                0x10000de0       0x48 CMakeFiles/blink.dir/FreeRTOS-Kernel/queue.c.obj
                0x10000de0                vQueueWaitForMessageRestricted
 .text.prvAddNewTaskToReadyList
                0x10000e28      0x124 CMakeFiles/blink.dir/FreeRTOS-Kernel/tasks.c.obj
 .text.prvCreateTask
                0x10000f4c      0x130 CMakeFiles/blink.dir/FreeRTOS-Kernel/tasks.c.obj
 .text.prvIdleTask
                0x1000107c       0x60 CMakeFiles/blink.dir/FreeRTOS-Kernel/tasks.c.obj
 .text.xTaskIncrementTick.part.0
                0x100010dc      0x190 CMakeFiles/blink.dir/FreeRTOS-Kernel/tasks.c.obj
 .text.xTaskCreate
                0x1000126c       0x24 CMakeFiles/blink.dir/FreeRTOS-Kernel/tasks.c.obj
                0x1000126c                xTaskCreate
 .text.vTaskStartScheduler
                0x10001290       0x6c CMakeFiles/blink.dir/FreeRTOS-Kernel/tasks.c.obj
                0x10001290                vTaskStartScheduler
 .text.vTaskSuspendAll
                0x100012fc       0x10 CMakeFiles/blink.dir/FreeRTOS-Kernel/tasks.c.obj
                0x100012fc                vTaskSuspendAll
 .text.xTaskResumeAll
                0x1000130c      0x188 CMakeFiles/blink.dir/FreeRTOS-Kernel/tasks.c.obj
                0x1000130c                xTaskResumeAll
 .text.vTaskDelay
                0x10001494       0x84 CMakeFiles/blink.dir/FreeRTOS-Kernel/tasks.c.obj
                0x10001494                vTaskDelay
 .text.xTaskGetTickCount
                0x10001518        0xc CMakeFiles/blink.dir/FreeRTOS-Kernel/tasks.c.obj
                0x10001518                xTaskGetTickCount
 .text.uxTaskGetNumberOfTasks
                0x10001524        0xc CMakeFiles/blink.dir/FreeRTOS-Kernel/tasks.c.obj
                0x10001524                uxTaskGetNumberOfTasks
 .text.vTaskSwitchContext
                0x10001530       0x7c CMakeFiles/blink.dir/FreeRTOS-Kernel/tasks.c.obj
                0x10001530                vTaskSwitchContext
 .text.vTaskPlaceOnEventList
                0x100015ac       0xa0 CMakeFiles/blink.dir/FreeRTOS-Kernel/tasks.c.obj
                0x100015ac                vTaskPlaceOnEventList
 .text.vTaskPlaceOnEventListRestricted
                0x1000164c       0xf4 CMakeFiles/blink.dir/FreeRTOS-Kernel/tasks.c.obj
                0x1000164c                vTaskPlaceOnEventListRestricted
 .text.xTaskRemoveFromEventList
                0x10001740       0xcc CMakeFiles/blink.dir/FreeRTOS-Kernel/tasks.c.obj
                0x10001740                xTaskRemoveFromEventList
 .text.vTaskInternalSetTimeOutState
                0x1000180c       0x18 CMakeFiles/blink.dir/FreeRTOS-Kernel/tasks.c.obj
                0x1000180c                vTaskInternalSetTimeOutState
 .text.xTaskCheckForTimeOut
                0x10001824       0x74 CMakeFiles/blink.dir/FreeRTOS-Kernel/tasks.c.obj
                0x10001824                xTaskCheckForTimeOut
 .text.vTaskMissedYield
                0x10001898        0xc CMakeFiles/blink.dir/FreeRTOS-Kernel/tasks.c.obj
                0x10001898                vTaskMissedYield
 .text.xTaskPriorityDisinherit
                0x100018a4       0x64 CMakeFiles/blink.dir/FreeRTOS-Kernel/tasks.c.obj
                0x100018a4                xTaskPriorityDisinherit
 .text.prvTimerTask
                0x10001908      0x38c CMakeFiles/blink.dir/FreeRTOS-Kernel/timers.c.obj
 .text.xTimerCreateTimerTask
                0x10001c94       0x8c CMakeFiles/blink.dir/FreeRTOS-Kernel/timers.c.obj
                0x10001c94                xTimerCreateTimerTask
 .text.gpio_set_function
                0x10001d20       0x30 CMakeFiles/blink.dir/D_/pico/pico-sdk/src/rp2_common/hardware_gpio/gpio.c.obj
                0x10001d20                gpio_set_function
 .text.gpio_init
                0x10001d50       0x3c CMakeFiles/blink.dir/D_/pico/pico-sdk/src/rp2_common/hardware_gpio/gpio.c.obj
                0x10001d50                gpio_init
 .text.running_on_fpga
                0x10001d8c       0x10 CMakeFiles/blink.dir/D_/pico/pico-sdk/src/rp2_common/pico_platform/platform.c.obj
                0x10001d8c                running_on_fpga
 .text.hw_claim_or_assert
                0x10001d9c       0x44 CMakeFiles/blink.dir/D_/pico/pico-sdk/src/rp2_common/hardware_claim/claim.c.obj
                0x10001d9c                hw_claim_or_assert
 .text.spin_locks_reset
                0x10001de0       0x1c CMakeFiles/blink.dir/D_/pico/pico-sdk/src/rp2_common/hardware_sync/sync.c.obj
                0x10001de0                spin_locks_reset
 .text.next_striped_spin_lock_num
                0x10001dfc       0x18 CMakeFiles/blink.dir/D_/pico/pico-sdk/src/rp2_common/hardware_sync/sync.c.obj
                0x10001dfc                next_striped_spin_lock_num
 .text.irq_set_enabled
                0x10001e14       0x24 CMakeFiles/blink.dir/D_/pico/pico-sdk/src/rp2_common/hardware_irq/irq.c.obj
                0x10001e14                irq_set_enabled
 .text.irq_get_vtable_handler
                0x10001e38       0x10 CMakeFiles/blink.dir/D_/pico/pico-sdk/src/rp2_common/hardware_irq/irq.c.obj
                0x10001e38                irq_get_vtable_handler
 .text.irq_set_exclusive_handler
                0x10001e48       0x54 CMakeFiles/blink.dir/D_/pico/pico-sdk/src/rp2_common/hardware_irq/irq.c.obj
                0x10001e48                irq_set_exclusive_handler
 .text.irq_remove_handler
                0x10001e9c      0x1c4 CMakeFiles/blink.dir/D_/pico/pico-sdk/src/rp2_common/hardware_irq/irq.c.obj
                0x10001e9c                irq_remove_handler
 .text.irq_add_tail_to_free_list
                0x10002060       0xb4 CMakeFiles/blink.dir/D_/pico/pico-sdk/src/rp2_common/hardware_irq/irq.c.obj
                0x10002060                irq_add_tail_to_free_list
 .text.irq_init_priorities
                0x10002114       0x24 CMakeFiles/blink.dir/D_/pico/pico-sdk/src/rp2_common/hardware_irq/irq.c.obj
                0x10002114                irq_init_priorities
 .text.lock_init
                0x10002138       0x10 CMakeFiles/blink.dir/D_/pico/pico-sdk/src/common/pico_sync/lock_core.c.obj
                0x10002138                lock_init
 .text.mutex_init
                0x10002148       0x1c CMakeFiles/blink.dir/D_/pico/pico-sdk/src/common/pico_sync/mutex.c.obj
                0x10002148                mutex_init
 .text.recursive_mutex_init
                0x10002164       0x1c CMakeFiles/blink.dir/D_/pico/pico-sdk/src/common/pico_sync/mutex.c.obj
                0x10002164                recursive_mutex_init
 .text.timer_pool_entry_comparator
                0x10002180       0x34 CMakeFiles/blink.dir/D_/pico/pico-sdk/src/common/pico_time/time.c.obj
                0x10002180                timer_pool_entry_comparator
 .text.sleep_until_callback
                0x100021b4       0x30 CMakeFiles/blink.dir/D_/pico/pico-sdk/src/common/pico_time/time.c.obj
 .text.add_alarm_under_lock.isra.0
                0x100021e4      0x100 CMakeFiles/blink.dir/D_/pico/pico-sdk/src/common/pico_time/time.c.obj
 .text.alarm_pool_alarm_callback
                0x100022e4      0x1c0 CMakeFiles/blink.dir/D_/pico/pico-sdk/src/common/pico_time/time.c.obj
 .text.alarm_pool_init_default
                0x100024a4       0x6c CMakeFiles/blink.dir/D_/pico/pico-sdk/src/common/pico_time/time.c.obj
                0x100024a4                alarm_pool_init_default
 .text.alarm_pool_add_alarm_at
                0x10002510      0x17c CMakeFiles/blink.dir/D_/pico/pico-sdk/src/common/pico_time/time.c.obj
                0x10002510                alarm_pool_add_alarm_at
 .text.sleep_until
                0x1000268c       0xc4 CMakeFiles/blink.dir/D_/pico/pico-sdk/src/common/pico_time/time.c.obj
                0x1000268c                sleep_until
 .text.sleep_us
                0x10002750       0x28 CMakeFiles/blink.dir/D_/pico/pico-sdk/src/common/pico_time/time.c.obj
                0x10002750                sleep_us
 .text.best_effort_wfe_or_timeout
                0x10002778       0xcc CMakeFiles/blink.dir/D_/pico/pico-sdk/src/common/pico_time/time.c.obj
                0x10002778                best_effort_wfe_or_timeout
 .text.hardware_alarm_irq_handler
                0x10002844       0xbc CMakeFiles/blink.dir/D_/pico/pico-sdk/src/rp2_common/hardware_timer/timer.c.obj
 .text.hardware_alarm_claim
                0x10002900       0x18 CMakeFiles/blink.dir/D_/pico/pico-sdk/src/rp2_common/hardware_timer/timer.c.obj
                0x10002900                hardware_alarm_claim
 .text.time_us_64
                0x10002918       0x14 CMakeFiles/blink.dir/D_/pico/pico-sdk/src/rp2_common/hardware_timer/timer.c.obj
                0x10002918                time_us_64
 .text.busy_wait_until
                0x1000292c       0x20 CMakeFiles/blink.dir/D_/pico/pico-sdk/src/rp2_common/hardware_timer/timer.c.obj
                0x1000292c                busy_wait_until
 .text.hardware_alarm_set_callback
                0x1000294c       0x8c CMakeFiles/blink.dir/D_/pico/pico-sdk/src/rp2_common/hardware_timer/timer.c.obj
                0x1000294c                hardware_alarm_set_callback
 .text.hardware_alarm_set_target
                0x100029d8       0xd0 CMakeFiles/blink.dir/D_/pico/pico-sdk/src/rp2_common/hardware_timer/timer.c.obj
                0x100029d8                hardware_alarm_set_target
 .text.hardware_alarm_cancel
                0x10002aa8       0x3c CMakeFiles/blink.dir/D_/pico/pico-sdk/src/rp2_common/hardware_timer/timer.c.obj
                0x10002aa8                hardware_alarm_cancel
 .text.ph_merge_nodes
                0x10002ae4       0x58 CMakeFiles/blink.dir/D_/pico/pico-sdk/src/common/pico_util/pheap.c.obj
 .text.ph_post_alloc_init
                0x10002b3c       0x3c CMakeFiles/blink.dir/D_/pico/pico-sdk/src/common/pico_util/pheap.c.obj
                0x10002b3c                ph_post_alloc_init
 .text.ph_merge_two_pass
                0x10002b78       0x8c CMakeFiles/blink.dir/D_/pico/pico-sdk/src/common/pico_util/pheap.c.obj
                0x10002b78                ph_merge_two_pass
 .text.ph_remove_any_head
                0x10002c04      0x100 CMakeFiles/blink.dir/D_/pico/pico-sdk/src/common/pico_util/pheap.c.obj
 .text.ph_remove_head
                0x10002d04      0x104 CMakeFiles/blink.dir/D_/pico/pico-sdk/src/common/pico_util/pheap.c.obj
                0x10002d04                ph_remove_head
 .text.ph_remove_and_free_node
                0x10002e08       0x78 CMakeFiles/blink.dir/D_/pico/pico-sdk/src/common/pico_util/pheap.c.obj
                0x10002e08                ph_remove_and_free_node
 .text.clocks_init
                0x10002e80      0x2c8 CMakeFiles/blink.dir/D_/pico/pico-sdk/src/rp2_common/hardware_clocks/clocks.c.obj
                0x10002e80                clocks_init
 .text.pll_init
                0x10003148       0xa4 CMakeFiles/blink.dir/D_/pico/pico-sdk/src/rp2_common/hardware_pll/pll.c.obj
                0x10003148                pll_init
 .text.watchdog_start_tick
                0x100031ec       0x10 CMakeFiles/blink.dir/D_/pico/pico-sdk/src/rp2_common/hardware_watchdog/watchdog.c.obj
                0x100031ec                watchdog_start_tick
 .text.xosc_init
                0x100031fc       0x28 CMakeFiles/blink.dir/D_/pico/pico-sdk/src/rp2_common/hardware_xosc/xosc.c.obj
                0x100031fc                xosc_init
 .text.runtime_init
                0x10003224       0xf0 CMakeFiles/blink.dir/D_/pico/pico-sdk/src/rp2_common/pico_runtime/runtime.c.obj
                0x10003224                runtime_init
 .text._exit    0x10003314        0x4 CMakeFiles/blink.dir/D_/pico/pico-sdk/src/rp2_common/pico_runtime/runtime.c.obj
                0x10003314                _exit
 .text.exit     0x10003318        0x8 CMakeFiles/blink.dir/D_/pico/pico-sdk/src/rp2_common/pico_runtime/runtime.c.obj
                0x10003318                exit
 .text.panic    0x10003320       0x30 CMakeFiles/blink.dir/D_/pico/pico-sdk/src/rp2_common/pico_runtime/runtime.c.obj
                0x10003320                panic
 .text.hard_assertion_failure
                0x10003350        0xc CMakeFiles/blink.dir/D_/pico/pico-sdk/src/rp2_common/pico_runtime/runtime.c.obj
                0x10003350                hard_assertion_failure
 .text._out_char
                0x1000335c       0x10 CMakeFiles/blink.dir/D_/pico/pico-sdk/src/rp2_common/pico_printf/printf.c.obj
 .text.weak_raw_vprintf
                0x1000336c       0x30 CMakeFiles/blink.dir/D_/pico/pico-sdk/src/rp2_common/pico_printf/printf.c.obj
                0x1000336c                weak_raw_vprintf
 .text          0x1000339c       0x10 CMakeFiles/blink.dir/D_/pico/pico-sdk/src/rp2_common/pico_bit_ops/bit_ops_aeabi.S.obj
 .text.rom_func_lookup
                0x100033ac       0x10 CMakeFiles/blink.dir/D_/pico/pico-sdk/src/rp2_common/pico_bootrom/bootrom.c.obj
                0x100033ac                rom_func_lookup
 .text.rom_data_lookup
                0x100033bc       0x10 CMakeFiles/blink.dir/D_/pico/pico-sdk/src/rp2_common/pico_bootrom/bootrom.c.obj
                0x100033bc                rom_data_lookup
 .text.rom_funcs_lookup
                0x100033cc       0x44 CMakeFiles/blink.dir/D_/pico/pico-sdk/src/rp2_common/pico_bootrom/bootrom.c.obj
                0x100033cc                rom_funcs_lookup
 .text.__wrap___aeabi_uidiv
                0x10003410       0x4c CMakeFiles/blink.dir/D_/pico/pico-sdk/src/rp2_common/pico_divider/divider.S.obj
                0x10003410                __wrap___aeabi_uidiv
                0x10003410                __wrap___aeabi_uidivmod
                0x10003410                div_u32u32
                0x10003410                divmod_u32u32
                0x10003418                divmod_u32u32_unsafe
                0x10003440                divmod_u32u32_savestate
 .text.__wrap___aeabi_darithmetic
                0x1000345c       0x80 CMakeFiles/blink.dir/D_/pico/pico-sdk/src/rp2_common/pico_double/double_aeabi.S.obj
                0x1000345c                __wrap___aeabi_drsub
                0x10003462                __wrap___aeabi_dsub
                0x10003474                __wrap___aeabi_dadd
                0x10003486                __wrap___aeabi_ddiv
                0x100034c2                __wrap___aeabi_dmul
 .text.__wrap___aeabi_ul2d
                0x100034dc       0x18 CMakeFiles/blink.dir/D_/pico/pico-sdk/src/rp2_common/pico_double/double_aeabi.S.obj
                0x100034dc                __wrap___aeabi_ul2d
 .text.__wrap___aeabi_d2f
                0x100034f4       0x18 CMakeFiles/blink.dir/D_/pico/pico-sdk/src/rp2_common/pico_double/double_aeabi.S.obj
                0x100034f4                __wrap___aeabi_d2f
 .text.__aeabi_double_init
                0x1000350c       0x98 CMakeFiles/blink.dir/D_/pico/pico-sdk/src/rp2_common/pico_double/double_init_rom.c.obj
                0x1000350c                __aeabi_double_init
 .text.double_table_shim_on_use_helper
                0x100035a4       0x2c CMakeFiles/blink.dir/D_/pico/pico-sdk/src/rp2_common/pico_double/double_v1_rom_shim.S.obj
                0x100035a4                double_table_shim_on_use_helper
 .text.__wrap___aeabi_dsub
                0x100035d0       0x10 CMakeFiles/blink.dir/D_/pico/pico-sdk/src/rp2_common/pico_double/double_v1_rom_shim.S.obj
                0x100035d0                drsub_shim
                0x100035d6                dsub_shim
 .text.dadd_shim
                0x100035e0      0x15c CMakeFiles/blink.dir/D_/pico/pico-sdk/src/rp2_common/pico_double/double_v1_rom_shim.S.obj
                0x100035e0                dadd_shim
 .text.dmul_shim
                0x1000373c      0x15c CMakeFiles/blink.dir/D_/pico/pico-sdk/src/rp2_common/pico_double/double_v1_rom_shim.S.obj
                0x1000373c                dmul_shim
 .text.ddiv_shim
                0x10003898      0x1b0 CMakeFiles/blink.dir/D_/pico/pico-sdk/src/rp2_common/pico_double/double_v1_rom_shim.S.obj
                0x10003898                ddiv_shim
 .text.double2float_shim
                0x10003a48       0x5c CMakeFiles/blink.dir/D_/pico/pico-sdk/src/rp2_common/pico_double/double_v1_rom_shim.S.obj
                0x10003a48                double2float_shim
 .text.x2double_shims
                0x10003aa4       0x90 CMakeFiles/blink.dir/D_/pico/pico-sdk/src/rp2_common/pico_double/double_v1_rom_shim.S.obj
                0x10003aa4                uint2double_shim
                0x10003aa6                ufix2double_shim
                0x10003aac                int2double_shim
                0x10003aae                fix2double_shim
                0x10003ab4                uint642double_shim
                0x10003ab6                ufix642double_shim
                0x10003abc                int642double_shim
                0x10003abe                fix642double_shim
 .text.__wrap___aeabi_cfcmple
                0x10003b34       0x50 CMakeFiles/blink.dir/D_/pico/pico-sdk/src/rp2_common/pico_float/float_aeabi.S.obj
                0x10003b34                __wrap___aeabi_cfrcmple
                0x10003b40                __wrap___aeabi_cfcmple
                0x10003b40                __wrap___aeabi_cfcmpeq
 .text.__wrap___aeabi_fcmplt
                0x10003b84        0xc CMakeFiles/blink.dir/D_/pico/pico-sdk/src/rp2_common/pico_float/float_aeabi.S.obj
                0x10003b84                __wrap___aeabi_fcmplt
 .text.__aeabi_float_init
                0x10003b90       0x64 CMakeFiles/blink.dir/D_/pico/pico-sdk/src/rp2_common/pico_float/float_init_rom.c.obj
                0x10003b90                __aeabi_float_init
 .text.float_table_shim_on_use_helper
                0x10003bf4       0x2c CMakeFiles/blink.dir/D_/pico/pico-sdk/src/rp2_common/pico_float/float_v1_rom_shim.S.obj
                0x10003bf4                float_table_shim_on_use_helper
 .text          0x10003c20       0x10 CMakeFiles/blink.dir/D_/pico/pico-sdk/src/rp2_common/pico_mem_ops/mem_ops_aeabi.S.obj
                0x10003c20                __aeabi_mem_init
 .text.memset   0x10003c30        0xc CMakeFiles/blink.dir/D_/pico/pico-sdk/src/rp2_common/pico_mem_ops/mem_ops_aeabi.S.obj
                0x10003c30                __wrap_memset
 .text.memcpy   0x10003c3c        0xc CMakeFiles/blink.dir/D_/pico/pico-sdk/src/rp2_common/pico_mem_ops/mem_ops_aeabi.S.obj
                0x10003c3c                __wrap_memcpy
                0x10003c3c                __wrap___aeabi_memcpy
 .text.stdio_out_chars_crlf
                0x10003c48       0x94 CMakeFiles/blink.dir/D_/pico/pico-sdk/src/rp2_common/pico_stdio/stdio.c.obj
 .text.__wrap_putchar
                0x10003cdc       0x98 CMakeFiles/blink.dir/D_/pico/pico-sdk/src/rp2_common/pico_stdio/stdio.c.obj
                0x10003cdc                __wrap_putchar
 .text.__wrap_puts
                0x10003d74       0xe0 CMakeFiles/blink.dir/D_/pico/pico-sdk/src/rp2_common/pico_stdio/stdio.c.obj
                0x10003d74                __wrap_puts
 .text.startup._retrieve_unique_id_on_boot
                0x10003e54       0x10 CMakeFiles/blink.dir/D_/pico/pico-sdk/src/rp2_common/pico_unique_id/unique_id.c.obj
 .text.flash_get_unique_id
                0x10003e64       0x3c CMakeFiles/blink.dir/D_/pico/pico-sdk/src/rp2_common/hardware_flash/flash.c.obj
                0x10003e64                flash_get_unique_id
 .text.strlen   0x10003ea0       0x5c D:/pico/gcc-arm-none-eabi/bin/../lib/gcc/arm-none-eabi/13.3.1/thumb/v6-m/nofp\libc.a(libc_a-strlen-stub.o)
                0x10003ea0                strlen
 *(.fini)
 .fini          0x10003efc        0x4 D:/pico/gcc-arm-none-eabi/bin/../lib/gcc/arm-none-eabi/13.3.1/thumb/v6-m/nofp/crti.o
                0x10003efc                _fini
 .fini.__stub   0x10003f00       0x40 linker stubs
 *crtbegin.o(.ctors)
 *crtbegin?.o(.ctors)
 *(EXCLUDE_FILE(*crtend.o *crtend?.o) .ctors)
 *(SORT_BY_NAME(.ctors.*))
 *(.ctors)
 *crtbegin.o(.dtors)
 *crtbegin?.o(.dtors)
 *(EXCLUDE_FILE(*crtend.o *crtend?.o) .dtors)
 *(SORT_BY_NAME(.dtors.*))
 *(.dtors)
 *(.eh_frame*)
 .eh_frame      0x10003f40        0x0 D:/pico/gcc-arm-none-eabi/bin/../lib/gcc/arm-none-eabi/13.3.1/thumb/v6-m/nofp/crtbegin.o
                0x10003f40                        . = ALIGN (0x4)

.glue_7         0x10003f40        0x0
 .glue_7        0x10003f40        0x0 linker stubs

.glue_7t        0x10003f40        0x0
 .glue_7t       0x10003f40        0x0 linker stubs

.vfp11_veneer   0x10003f40        0x0
 .vfp11_veneer  0x10003f40        0x0 linker stubs

.v4_bx          0x10003f40        0x0
 .v4_bx         0x10003f40        0x0 linker stubs

.iplt           0x10003f40        0x0
 .iplt          0x10003f40        0x0 D:/pico/gcc-arm-none-eabi/bin/../lib/gcc/arm-none-eabi/13.3.1/thumb/v6-m/nofp/crtbegin.o

.rodata         0x10003f40      0x110
 *(EXCLUDE_FILE(*libm.a: *libc.a:*lib_a-mem*.o *libgcc.a:) .rodata*)
 .rodata.main.str1.4
                0x10003f40       0xbc CMakeFiles/blink.dir/main.c.obj
                                 0x27 (size before relaxing)
 .rodata.uxTopUsedPriority
                0x10003ffc        0x4 CMakeFiles/blink.dir/FreeRTOS-Kernel/tasks.c.obj
 .rodata.prvTimerTask
                0x10004000       0x28 CMakeFiles/blink.dir/FreeRTOS-Kernel/timers.c.obj
 .rodata.xTimerCreateTimerTask.str1.4
                0x10004028       0x10 CMakeFiles/blink.dir/FreeRTOS-Kernel/timers.c.obj
 .rodata.hardware_alarm_claim.str1.4
                0x10004028       0x22 CMakeFiles/blink.dir/D_/pico/pico-sdk/src/rp2_common/hardware_timer/timer.c.obj
 .rodata.panic.str1.4
                0x10004028       0x12 CMakeFiles/blink.dir/D_/pico/pico-sdk/src/rp2_common/pico_runtime/runtime.c.obj
 .rodata.hard_assertion_failure.str1.4
                0x10004028        0xc CMakeFiles/blink.dir/D_/pico/pico-sdk/src/rp2_common/pico_runtime/runtime.c.obj
 .rodata.str1.4
                0x10004028       0x3c CMakeFiles/blink.dir/D_/pico/pico-sdk/src/rp2_common/pico_standard_link/binary_info.c.obj
 .rodata.__bi_81
                0x10004028        0xc CMakeFiles/blink.dir/D_/pico/pico-sdk/src/rp2_common/pico_standard_link/binary_info.c.obj
 .rodata.__bi_75
                0x10004034        0xc CMakeFiles/blink.dir/D_/pico/pico-sdk/src/rp2_common/pico_standard_link/binary_info.c.obj
 .rodata.__bi_44
                0x10004040        0xc CMakeFiles/blink.dir/D_/pico/pico-sdk/src/rp2_common/pico_standard_link/binary_info.c.obj
 .rodata.crlf_str.0
                0x1000404c        0x2 CMakeFiles/blink.dir/D_/pico/pico-sdk/src/rp2_common/pico_stdio/stdio.c.obj
                0x10004064                        . = ALIGN (0x4)
 *fill*         0x1000404e        0x2 
 *(SORT_BY_ALIGNMENT(SORT_BY_NAME(.flashdata*)))
                0x10004050                        . = ALIGN (0x4)

.ARM.extab
 *(.ARM.extab* .gnu.linkonce.armextab.*)
                0x10004050                        __exidx_start = .

.ARM.exidx
 *(.ARM.exidx* .gnu.linkonce.armexidx.*)
                0x10004050                        __exidx_end = .
                0x10004050                        . = ALIGN (0x4)
                0x10004050                        __binary_info_start = .

.binary_info    0x10004050       0x1c
 *(.binary_info.keep.*)
 .binary_info.keep.__bi_ptr81
                0x10004050        0x4 CMakeFiles/blink.dir/D_/pico/pico-sdk/src/rp2_common/pico_standard_link/binary_info.c.obj
 .binary_info.keep.__bi_ptr75
                0x10004054        0x4 CMakeFiles/blink.dir/D_/pico/pico-sdk/src/rp2_common/pico_standard_link/binary_info.c.obj
 .binary_info.keep.__bi_ptr50
                0x10004058        0x4 CMakeFiles/blink.dir/D_/pico/pico-sdk/src/rp2_common/pico_standard_link/binary_info.c.obj
 .binary_info.keep.__bi_ptr44
                0x1000405c        0x4 CMakeFiles/blink.dir/D_/pico/pico-sdk/src/rp2_common/pico_standard_link/binary_info.c.obj
 .binary_info.keep.__bi_ptr38
                0x10004060        0x4 CMakeFiles/blink.dir/D_/pico/pico-sdk/src/rp2_common/pico_standard_link/binary_info.c.obj
 .binary_info.keep.__bi_ptr30
                0x10004064        0x4 CMakeFiles/blink.dir/D_/pico/pico-sdk/src/rp2_common/pico_standard_link/binary_info.c.obj
 .binary_info.keep.__bi_ptr22
                0x10004068        0x4 CMakeFiles/blink.dir/D_/pico/pico-sdk/src/rp2_common/pico_standard_link/binary_info.c.obj
 *(.binary_info.*)
                0x1000406c                        __binary_info_end = .

.rel.dyn        0x1000406c        0x0
 .rel.iplt      0x1000406c        0x0 D:/pico/gcc-arm-none-eabi/bin/../lib/gcc/arm-none-eabi/13.3.1/thumb/v6-m/nofp/crtbegin.o
                0x1000406c                        . = ALIGN (0x4)

.ram_vector_table
                0x20000000       0xc0
 *(.ram_vector_table)
 .ram_vector_table
                0x20000000       0xc0 CMakeFiles/blink.dir/D_/pico/pico-sdk/src/rp2_common/pico_runtime/runtime.c.obj
                0x20000000                ram_vector_table

.data           0x200000c0      0x2d0 load address 0x1000406c
                0x200000c0                        __data_start__ = .
 *(vtable)
 *(.time_critical*)
 .time_critical.mutex_try_enter_block_until
                0x200000c0       0x9c CMakeFiles/blink.dir/D_/pico/pico-sdk/src/common/pico_sync/mutex.c.obj
                0x200000c0                mutex_try_enter_block_until
 .time_critical.mutex_exit
                0x2000015c       0x28 CMakeFiles/blink.dir/D_/pico/pico-sdk/src/common/pico_sync/mutex.c.obj
                0x2000015c                mutex_exit
 .time_critical.flash_init_boot2_copyout
                0x20000184       0x30 CMakeFiles/blink.dir/D_/pico/pico-sdk/src/rp2_common/hardware_flash/flash.c.obj
 .time_critical.flash_enable_xip_via_boot2
                0x200001b4        0xc CMakeFiles/blink.dir/D_/pico/pico-sdk/src/rp2_common/hardware_flash/flash.c.obj
 .time_critical.flash_cs_force
                0x200001c0       0x38 CMakeFiles/blink.dir/D_/pico/pico-sdk/src/rp2_common/hardware_flash/flash.c.obj
 .time_critical.flash_do_cmd
                0x200001f8       0xc0 CMakeFiles/blink.dir/D_/pico/pico-sdk/src/rp2_common/hardware_flash/flash.c.obj
                0x200001f8                flash_do_cmd
 *(.text*)
 .text          0x200002b8        0x4 D:/pico/gcc-arm-none-eabi/bin/../lib/gcc/arm-none-eabi/13.3.1/thumb/v6-m/nofp\libgcc.a(_dvmd_tls.o)
                0x200002b8                __aeabi_idiv0
                0x200002b8                __aeabi_ldiv0
 *fill*         0x200002bc        0x4 
 .text.__stub   0x200002c0       0x10 linker stubs
                0x200002d0                        . = ALIGN (0x4)
 *(.rodata*)
                0x200002d0                        . = ALIGN (0x4)
 *(.data*)
 .data.ulCriticalNesting
                0x200002d0        0x4 CMakeFiles/blink.dir/FreeRTOS-Kernel/portable/GCC/ARM_CM0/port.c.obj
 .data.striped_spin_lock_num
                0x200002d4        0x1 CMakeFiles/blink.dir/D_/pico/pico-sdk/src/rp2_common/hardware_sync/sync.c.obj
 *fill*         0x200002d5        0x3 
 .data          0x200002d8       0x48 CMakeFiles/blink.dir/D_/pico/pico-sdk/src/rp2_common/hardware_irq/irq_handler_chain.S.obj
                0x200002d8                irq_handler_chain_slots
                0x20000308                irq_handler_chain_first_slot
                0x20000312                irq_handler_chain_remove_tail
 .data.default_alarm_pool
                0x20000320       0x18 CMakeFiles/blink.dir/D_/pico/pico-sdk/src/common/pico_time/time.c.obj
 .data.default_alarm_pool_heap
                0x20000338       0x10 CMakeFiles/blink.dir/D_/pico/pico-sdk/src/common/pico_time/time.c.obj
 *fill*         0x20000348        0x8 
 .data.aeabi_bits_funcs
                0x20000350       0x10 CMakeFiles/blink.dir/D_/pico/pico-sdk/src/rp2_common/pico_bit_ops/bit_ops_aeabi.S.obj
                0x20000350                aeabi_bits_funcs
                0x20000360                aeabi_bits_funcs_end
 .data.aeabi_mem_funcs
                0x20000360       0x10 CMakeFiles/blink.dir/D_/pico/pico-sdk/src/rp2_common/pico_mem_ops/mem_ops_aeabi.S.obj
                0x20000360                aeabi_mem_funcs
                0x20000370                aeabi_mem_funcs_end
                0x20000370                        . = ALIGN (0x4)
 *(.after_data.*)
                0x20000370                        . = ALIGN (0x4)
                0x20000370                        PROVIDE (__mutex_array_start = .)
 *(SORT_BY_NAME(.mutex_array.*))
 *(.mutex_array)
 .mutex_array   0x20000370        0x8 CMakeFiles/blink.dir/D_/pico/pico-sdk/src/rp2_common/pico_stdio/stdio.c.obj
                0x20000378                        PROVIDE (__mutex_array_end = .)
                0x20000378                        . = ALIGN (0x4)
                0x20000378                        PROVIDE (__preinit_array_start = .)
 *(SORT_BY_NAME(.preinit_array.*))
 .preinit_array.00001
                0x20000378        0x4 CMakeFiles/blink.dir/D_/pico/pico-sdk/src/rp2_common/pico_mem_ops/mem_ops_aeabi.S.obj
 .preinit_array.00010
                0x2000037c        0x4 CMakeFiles/blink.dir/D_/pico/pico-sdk/src/rp2_common/pico_bit_ops/bit_ops_aeabi.S.obj
 .preinit_array.00020
                0x20000380        0x4 CMakeFiles/blink.dir/D_/pico/pico-sdk/src/rp2_common/pico_double/double_aeabi.S.obj
 .preinit_array.00020
                0x20000384        0x4 CMakeFiles/blink.dir/D_/pico/pico-sdk/src/rp2_common/pico_float/float_aeabi.S.obj
 *(.preinit_array)
                0x20000388                        PROVIDE (__preinit_array_end = .)
                0x20000388                        . = ALIGN (0x4)
                0x20000388                        PROVIDE (__init_array_start = .)
 *(SORT_BY_NAME(.init_array.*))
 *(.init_array)
 .init_array    0x20000388        0x4 D:/pico/gcc-arm-none-eabi/bin/../lib/gcc/arm-none-eabi/13.3.1/thumb/v6-m/nofp/crtbegin.o
 .init_array    0x2000038c        0x4 CMakeFiles/blink.dir/D_/pico/pico-sdk/src/rp2_common/pico_unique_id/unique_id.c.obj
                0x20000390                        PROVIDE (__init_array_end = .)
                0x20000390                        . = ALIGN (0x4)
                [!provide]                        PROVIDE (__fini_array_start = .)
 *(SORT_BY_NAME(.fini_array.*))
 *(.fini_array)
                [!provide]                        PROVIDE (__fini_array_end = .)
 *(.jcr)
                0x20000390                        . = ALIGN (0x4)
                0x20000390                        __data_end__ = .
                0x1000406c                        __etext = LOADADDR (.data)

.tm_clone_table
                0x20000390        0x0 load address 0x1000433c
 .tm_clone_table
                0x20000390        0x0 D:/pico/gcc-arm-none-eabi/bin/../lib/gcc/arm-none-eabi/13.3.1/thumb/v6-m/nofp/crtbegin.o
 .tm_clone_table
                0x20000390        0x0 D:/pico/gcc-arm-none-eabi/bin/../lib/gcc/arm-none-eabi/13.3.1/thumb/v6-m/nofp/crtend.o

.igot.plt       0x20000390        0x0 load address 0x1000433c
 .igot.plt      0x20000390        0x0 D:/pico/gcc-arm-none-eabi/bin/../lib/gcc/arm-none-eabi/13.3.1/thumb/v6-m/nofp/crtbegin.o

.uninitialized_data
                0x20000390        0x0 load address 0x1000433c
                0x20000390                        . = ALIGN (0x4)
 *(.uninitialized_data*)

.scratch_x      0x20040000        0x0 load address 0x1000433c
                0x20040000                        __scratch_x_start__ = .
 *(.scratch_x.*)
                0x20040000                        . = ALIGN (0x4)
                0x20040000                        __scratch_x_end__ = .
                0x1000433c                        __scratch_x_source__ = LOADADDR (.scratch_x)

.scratch_y      0x20041000        0x0 load address 0x1000433c
                0x20041000                        __scratch_y_start__ = .
 *(.scratch_y.*)
                0x20041000                        . = ALIGN (0x4)
                0x20041000                        __scratch_y_end__ = .
                0x1000433c                        __scratch_y_source__ = LOADADDR (.scratch_y)

.bss            0x20000390    0x20888
                0x20000390                        . = ALIGN (0x4)
                0x20000390                        __bss_start__ = .
 *(SORT_BY_ALIGNMENT(SORT_BY_NAME(.bss*)))
 .bss.configured_freq
                0x20000390       0x28 CMakeFiles/blink.dir/D_/pico/pico-sdk/src/rp2_common/hardware_clocks/clocks.c.obj
 .bss.default_alarm_pool_entries
                0x200003b8      0x100 CMakeFiles/blink.dir/D_/pico/pico-sdk/src/common/pico_time/time.c.obj
 .bss.sd_table  0x200004b8      0x100 CMakeFiles/blink.dir/D_/pico/pico-sdk/src/rp2_common/pico_double/double_init_rom.c.obj
                0x200004b8                sd_table
 .bss.sf_table  0x200005b8      0x100 CMakeFiles/blink.dir/D_/pico/pico-sdk/src/rp2_common/pico_float/float_init_rom.c.obj
                0x200005b8                sf_table
 .bss.xQueueRegistry
                0x200006b8       0x40 CMakeFiles/blink.dir/FreeRTOS-Kernel/queue.c.obj
                0x200006b8                xQueueRegistry
 .bss.alarm_callbacks
                0x200006f8       0x10 CMakeFiles/blink.dir/D_/pico/pico-sdk/src/rp2_common/hardware_timer/timer.c.obj
 .bss.boot2_copyout
                0x20000708      0x100 CMakeFiles/blink.dir/D_/pico/pico-sdk/src/rp2_common/hardware_flash/flash.c.obj
 .bss.default_alarm_pool_entry_ids_high
                0x20000808       0x10 CMakeFiles/blink.dir/D_/pico/pico-sdk/src/common/pico_time/time.c.obj
 .bss.default_alarm_pool_heap_nodes
                0x20000818       0x30 CMakeFiles/blink.dir/D_/pico/pico-sdk/src/common/pico_time/time.c.obj
 .bss.drivers   0x20000848        0x4 CMakeFiles/blink.dir/D_/pico/pico-sdk/src/rp2_common/pico_stdio/stdio.c.obj
 .bss.filter    0x2000084c        0x4 CMakeFiles/blink.dir/D_/pico/pico-sdk/src/rp2_common/pico_stdio/stdio.c.obj
 .bss.lazy_vsnprintf
                0x20000850        0x4 CMakeFiles/blink.dir/D_/pico/pico-sdk/src/rp2_common/pico_printf/printf.c.obj
 .bss.object.0  0x20000854       0x18 D:/pico/gcc-arm-none-eabi/bin/../lib/gcc/arm-none-eabi/13.3.1/thumb/v6-m/nofp/crtbegin.o
 .bss.pools     0x2000086c       0x10 CMakeFiles/blink.dir/D_/pico/pico-sdk/src/common/pico_time/time.c.obj
 .bss.pxCurrentTCB
                0x2000087c        0x4 CMakeFiles/blink.dir/FreeRTOS-Kernel/tasks.c.obj
                0x2000087c                pxCurrentTCB
 .bss.pxCurrentTimerList
                0x20000880        0x4 CMakeFiles/blink.dir/FreeRTOS-Kernel/timers.c.obj
 .bss.pxDelayedTaskList
                0x20000884        0x4 CMakeFiles/blink.dir/FreeRTOS-Kernel/tasks.c.obj
 .bss.pxEnd     0x20000888        0x4 CMakeFiles/blink.dir/FreeRTOS-Kernel/portable/MemMang/heap_4.c.obj
 .bss.pxOverflowDelayedTaskList
                0x2000088c        0x4 CMakeFiles/blink.dir/FreeRTOS-Kernel/tasks.c.obj
 .bss.pxOverflowTimerList
                0x20000890        0x4 CMakeFiles/blink.dir/FreeRTOS-Kernel/timers.c.obj
 .bss.pxReadyTasksLists
                0x20000894      0x280 CMakeFiles/blink.dir/FreeRTOS-Kernel/tasks.c.obj
 .bss.retrieved_id
                0x20000b14        0x8 CMakeFiles/blink.dir/D_/pico/pico-sdk/src/rp2_common/pico_unique_id/unique_id.c.obj
 .bss.sf_clz_func
                0x20000b1c        0x4 CMakeFiles/blink.dir/D_/pico/pico-sdk/src/rp2_common/pico_double/double_init_rom.c.obj
                0x20000b1c                sf_clz_func
 .bss.sleep_notifier
                0x20000b20        0x4 CMakeFiles/blink.dir/D_/pico/pico-sdk/src/common/pico_time/time.c.obj
 .bss.target_hi
                0x20000b24       0x10 CMakeFiles/blink.dir/D_/pico/pico-sdk/src/rp2_common/hardware_timer/timer.c.obj
 .bss.ucHeap    0x20000b34    0x20000 CMakeFiles/blink.dir/FreeRTOS-Kernel/portable/MemMang/heap_4.c.obj
 .bss.uxCurrentNumberOfTasks
                0x20020b34        0x4 CMakeFiles/blink.dir/FreeRTOS-Kernel/tasks.c.obj
 .bss.uxDeletedTasksWaitingCleanUp
                0x20020b38        0x4 CMakeFiles/blink.dir/FreeRTOS-Kernel/tasks.c.obj
 .bss.uxSchedulerSuspended
                0x20020b3c        0x4 CMakeFiles/blink.dir/FreeRTOS-Kernel/tasks.c.obj
 .bss.uxTaskNumber
                0x20020b40        0x4 CMakeFiles/blink.dir/FreeRTOS-Kernel/tasks.c.obj
 .bss.uxTopReadyPriority
                0x20020b44        0x4 CMakeFiles/blink.dir/FreeRTOS-Kernel/tasks.c.obj
 .bss.xActiveTimerList1
                0x20020b48       0x14 CMakeFiles/blink.dir/FreeRTOS-Kernel/timers.c.obj
 .bss.xActiveTimerList2
                0x20020b5c       0x14 CMakeFiles/blink.dir/FreeRTOS-Kernel/timers.c.obj
 .bss.xDelayedTaskList1
                0x20020b70       0x14 CMakeFiles/blink.dir/FreeRTOS-Kernel/tasks.c.obj
 .bss.xDelayedTaskList2
                0x20020b84       0x14 CMakeFiles/blink.dir/FreeRTOS-Kernel/tasks.c.obj
 .bss.xFreeBytesRemaining
                0x20020b98        0x4 CMakeFiles/blink.dir/FreeRTOS-Kernel/portable/MemMang/heap_4.c.obj
 .bss.xIdleTaskHandles
                0x20020b9c        0x4 CMakeFiles/blink.dir/FreeRTOS-Kernel/tasks.c.obj
 .bss.xLastTime.0
                0x20020ba0        0x4 CMakeFiles/blink.dir/FreeRTOS-Kernel/timers.c.obj
 .bss.xMinimumEverFreeBytesRemaining
                0x20020ba4        0x4 CMakeFiles/blink.dir/FreeRTOS-Kernel/portable/MemMang/heap_4.c.obj
 .bss.xNextTaskUnblockTime
                0x20020ba8        0x4 CMakeFiles/blink.dir/FreeRTOS-Kernel/tasks.c.obj
 .bss.xNumOfOverflows
                0x20020bac        0x4 CMakeFiles/blink.dir/FreeRTOS-Kernel/tasks.c.obj
 .bss.xNumberOfSuccessfulAllocations
                0x20020bb0        0x4 CMakeFiles/blink.dir/FreeRTOS-Kernel/portable/MemMang/heap_4.c.obj
 .bss.xNumberOfSuccessfulFrees
                0x20020bb4        0x4 CMakeFiles/blink.dir/FreeRTOS-Kernel/portable/MemMang/heap_4.c.obj
 .bss.xPendedTicks
                0x20020bb8        0x4 CMakeFiles/blink.dir/FreeRTOS-Kernel/tasks.c.obj
 .bss.xPendingReadyList
                0x20020bbc       0x14 CMakeFiles/blink.dir/FreeRTOS-Kernel/tasks.c.obj
 .bss.xSchedulerRunning
                0x20020bd0        0x4 CMakeFiles/blink.dir/FreeRTOS-Kernel/tasks.c.obj
 .bss.xStart    0x20020bd4        0x8 CMakeFiles/blink.dir/FreeRTOS-Kernel/portable/MemMang/heap_4.c.obj
 .bss.xSuspendedTaskList
                0x20020bdc       0x14 CMakeFiles/blink.dir/FreeRTOS-Kernel/tasks.c.obj
 .bss.xTasksWaitingTermination
                0x20020bf0       0x14 CMakeFiles/blink.dir/FreeRTOS-Kernel/tasks.c.obj
 .bss.xTickCount
                0x20020c04        0x4 CMakeFiles/blink.dir/FreeRTOS-Kernel/tasks.c.obj
 .bss.xTimerQueue
                0x20020c08        0x4 CMakeFiles/blink.dir/FreeRTOS-Kernel/timers.c.obj
 .bss.xTimerTaskHandle
                0x20020c0c        0x4 CMakeFiles/blink.dir/FreeRTOS-Kernel/timers.c.obj
 .bss.xYieldPendings
                0x20020c10        0x4 CMakeFiles/blink.dir/FreeRTOS-Kernel/tasks.c.obj
 .bss.boot2_copyout_valid
                0x20020c14        0x1 CMakeFiles/blink.dir/D_/pico/pico-sdk/src/rp2_common/hardware_flash/flash.c.obj
 .bss.claimed   0x20020c15        0x1 CMakeFiles/blink.dir/D_/pico/pico-sdk/src/rp2_common/hardware_timer/timer.c.obj
 .bss.irq_hander_chain_free_slot_head
                0x20020c16        0x1 CMakeFiles/blink.dir/D_/pico/pico-sdk/src/rp2_common/hardware_irq/irq.c.obj
 .bss.timer_callbacks_pending
                0x20020c17        0x1 CMakeFiles/blink.dir/D_/pico/pico-sdk/src/rp2_common/hardware_timer/timer.c.obj
 *(COMMON)
                0x20020c18                        . = ALIGN (0x4)
                0x20020c18                        __bss_end__ = .

.heap           0x20020c18      0x800
                0x20020c18                        __end__ = .
                0x20020c18                        end = __end__
 *(.heap*)
 .heap          0x20020c18      0x800 CMakeFiles/blink.dir/D_/pico/pico-sdk/src/rp2_common/pico_standard_link/crt0.S.obj
                0x20021418                        __HeapLimit = .

.stack1_dummy
 *(.stack1*)

.stack_dummy    0x20041000      0x800
 *(.stack*)
 .stack         0x20041000      0x800 CMakeFiles/blink.dir/D_/pico/pico-sdk/src/rp2_common/pico_standard_link/crt0.S.obj

.flash_end      0x1000433c        0x0
                0x1000433c                        PROVIDE (__flash_binary_end = .)
                0x20040000                        __StackLimit = (ORIGIN (RAM) + LENGTH (RAM))
                0x20041000                        __StackOneTop = (ORIGIN (SCRATCH_X) + LENGTH (SCRATCH_X))
                0x20042000                        __StackTop = (ORIGIN (SCRATCH_Y) + LENGTH (SCRATCH_Y))
                0x20041000                        __StackOneBottom = (__StackOneTop - SIZEOF (.stack1_dummy))
                0x20041800                        __StackBottom = (__StackTop - SIZEOF (.stack_dummy))
                0x20042000                        PROVIDE (__stack = __StackTop)
                0x00000001                        ASSERT ((__StackLimit >= __HeapLimit), region RAM overflowed)
                0x00000001                        ASSERT (((__binary_info_header_end - __logical_binary_start) <= 0x100), Binary info must be in first 256 bytes of the binary)
LOAD CMakeFiles/blink.dir/main.c.obj
LOAD CMakeFiles/blink.dir/sound.c.obj
LOAD CMakeFiles/blink.dir/LD.c.obj
LOAD CMakeFiles/blink.dir/motor.c.obj
LOAD CMakeFiles/blink.dir/led.c.obj
LOAD CMakeFiles/blink.dir/ultrasonic.c.obj
LOAD CMakeFiles/blink.dir/buzzer.c.obj
LOAD CMakeFiles/blink.dir/FreeRTOS-Kernel/croutine.c.obj
LOAD CMakeFiles/blink.dir/FreeRTOS-Kernel/event_groups.c.obj
LOAD CMakeFiles/blink.dir/FreeRTOS-Kernel/list.c.obj
LOAD CMakeFiles/blink.dir/FreeRTOS-Kernel/portable/GCC/ARM_CM0/port.c.obj
LOAD CMakeFiles/blink.dir/FreeRTOS-Kernel/portable/MemMang/heap_4.c.obj
LOAD CMakeFiles/blink.dir/FreeRTOS-Kernel/queue.c.obj
LOAD CMakeFiles/blink.dir/FreeRTOS-Kernel/tasks.c.obj
LOAD CMakeFiles/blink.dir/FreeRTOS-Kernel/timers.c.obj
LOAD CMakeFiles/blink.dir/D_/pico/pico-sdk/src/rp2_common/pico_stdlib/stdlib.c.obj
LOAD CMakeFiles/blink.dir/D_/pico/pico-sdk/src/rp2_common/hardware_gpio/gpio.c.obj
LOAD CMakeFiles/blink.dir/D_/pico/pico-sdk/src/rp2_common/pico_platform/platform.c.obj
LOAD CMakeFiles/blink.dir/D_/pico/pico-sdk/src/rp2_common/hardware_claim/claim.c.obj
LOAD CMakeFiles/blink.dir/D_/pico/pico-sdk/src/rp2_common/hardware_sync/sync.c.obj
LOAD CMakeFiles/blink.dir/D_/pico/pico-sdk/src/rp2_common/hardware_irq/irq.c.obj
LOAD CMakeFiles/blink.dir/D_/pico/pico-sdk/src/rp2_common/hardware_irq/irq_handler_chain.S.obj
LOAD CMakeFiles/blink.dir/D_/pico/pico-sdk/src/common/pico_sync/sem.c.obj
LOAD CMakeFiles/blink.dir/D_/pico/pico-sdk/src/common/pico_sync/lock_core.c.obj
LOAD CMakeFiles/blink.dir/D_/pico/pico-sdk/src/common/pico_sync/mutex.c.obj
LOAD CMakeFiles/blink.dir/D_/pico/pico-sdk/src/common/pico_sync/critical_section.c.obj
LOAD CMakeFiles/blink.dir/D_/pico/pico-sdk/src/common/pico_time/time.c.obj
LOAD CMakeFiles/blink.dir/D_/pico/pico-sdk/src/common/pico_time/timeout_helper.c.obj
LOAD CMakeFiles/blink.dir/D_/pico/pico-sdk/src/rp2_common/hardware_timer/timer.c.obj
LOAD CMakeFiles/blink.dir/D_/pico/pico-sdk/src/common/pico_util/datetime.c.obj
LOAD CMakeFiles/blink.dir/D_/pico/pico-sdk/src/common/pico_util/pheap.c.obj
LOAD CMakeFiles/blink.dir/D_/pico/pico-sdk/src/common/pico_util/queue.c.obj
LOAD CMakeFiles/blink.dir/D_/pico/pico-sdk/src/rp2_common/hardware_uart/uart.c.obj
LOAD CMakeFiles/blink.dir/D_/pico/pico-sdk/src/rp2_common/hardware_clocks/clocks.c.obj
LOAD CMakeFiles/blink.dir/D_/pico/pico-sdk/src/rp2_common/hardware_pll/pll.c.obj
LOAD CMakeFiles/blink.dir/D_/pico/pico-sdk/src/rp2_common/hardware_vreg/vreg.c.obj
LOAD CMakeFiles/blink.dir/D_/pico/pico-sdk/src/rp2_common/hardware_watchdog/watchdog.c.obj
LOAD CMakeFiles/blink.dir/D_/pico/pico-sdk/src/rp2_common/hardware_xosc/xosc.c.obj
LOAD CMakeFiles/blink.dir/D_/pico/pico-sdk/src/rp2_common/hardware_divider/divider.S.obj
LOAD CMakeFiles/blink.dir/D_/pico/pico-sdk/src/rp2_common/pico_runtime/runtime.c.obj
LOAD CMakeFiles/blink.dir/D_/pico/pico-sdk/src/rp2_common/pico_printf/printf.c.obj
LOAD CMakeFiles/blink.dir/D_/pico/pico-sdk/src/rp2_common/pico_bit_ops/bit_ops_aeabi.S.obj
LOAD CMakeFiles/blink.dir/D_/pico/pico-sdk/src/rp2_common/pico_bootrom/bootrom.c.obj
LOAD CMakeFiles/blink.dir/D_/pico/pico-sdk/src/rp2_common/pico_divider/divider.S.obj
LOAD CMakeFiles/blink.dir/D_/pico/pico-sdk/src/rp2_common/pico_double/double_aeabi.S.obj
LOAD CMakeFiles/blink.dir/D_/pico/pico-sdk/src/rp2_common/pico_double/double_init_rom.c.obj
LOAD CMakeFiles/blink.dir/D_/pico/pico-sdk/src/rp2_common/pico_double/double_math.c.obj
LOAD CMakeFiles/blink.dir/D_/pico/pico-sdk/src/rp2_common/pico_double/double_v1_rom_shim.S.obj
LOAD CMakeFiles/blink.dir/D_/pico/pico-sdk/src/rp2_common/pico_int64_ops/pico_int64_ops_aeabi.S.obj
LOAD CMakeFiles/blink.dir/D_/pico/pico-sdk/src/rp2_common/pico_float/float_aeabi.S.obj
LOAD CMakeFiles/blink.dir/D_/pico/pico-sdk/src/rp2_common/pico_float/float_init_rom.c.obj
LOAD CMakeFiles/blink.dir/D_/pico/pico-sdk/src/rp2_common/pico_float/float_math.c.obj
LOAD CMakeFiles/blink.dir/D_/pico/pico-sdk/src/rp2_common/pico_float/float_v1_rom_shim.S.obj
LOAD CMakeFiles/blink.dir/D_/pico/pico-sdk/src/rp2_common/pico_malloc/pico_malloc.c.obj
LOAD CMakeFiles/blink.dir/D_/pico/pico-sdk/src/rp2_common/pico_mem_ops/mem_ops_aeabi.S.obj
LOAD CMakeFiles/blink.dir/D_/pico/pico-sdk/src/rp2_common/pico_standard_link/crt0.S.obj
LOAD CMakeFiles/blink.dir/D_/pico/pico-sdk/src/rp2_common/pico_standard_link/new_delete.cpp.obj
LOAD CMakeFiles/blink.dir/D_/pico/pico-sdk/src/rp2_common/pico_standard_link/binary_info.c.obj
LOAD CMakeFiles/blink.dir/D_/pico/pico-sdk/src/rp2_common/pico_stdio/stdio.c.obj
LOAD CMakeFiles/blink.dir/D_/pico/pico-sdk/src/rp2_common/pico_stdio_usb/reset_interface.c.obj
LOAD CMakeFiles/blink.dir/D_/pico/pico-sdk/src/rp2_common/pico_stdio_usb/stdio_usb.c.obj
LOAD CMakeFiles/blink.dir/D_/pico/pico-sdk/src/rp2_common/pico_stdio_usb/stdio_usb_descriptors.c.obj
LOAD CMakeFiles/blink.dir/D_/pico/pico-sdk/src/rp2_common/pico_unique_id/unique_id.c.obj
LOAD CMakeFiles/blink.dir/D_/pico/pico-sdk/src/rp2_common/hardware_flash/flash.c.obj
LOAD CMakeFiles/blink.dir/D_/pico/pico-sdk/lib/tinyusb/src/portable/raspberrypi/rp2040/dcd_rp2040.c.obj
LOAD CMakeFiles/blink.dir/D_/pico/pico-sdk/lib/tinyusb/src/portable/raspberrypi/rp2040/rp2040_usb.c.obj
LOAD CMakeFiles/blink.dir/D_/pico/pico-sdk/lib/tinyusb/src/device/usbd.c.obj
LOAD CMakeFiles/blink.dir/D_/pico/pico-sdk/lib/tinyusb/src/device/usbd_control.c.obj
LOAD CMakeFiles/blink.dir/D_/pico/pico-sdk/lib/tinyusb/src/class/audio/audio_device.c.obj
LOAD CMakeFiles/blink.dir/D_/pico/pico-sdk/lib/tinyusb/src/class/cdc/cdc_device.c.obj
LOAD CMakeFiles/blink.dir/D_/pico/pico-sdk/lib/tinyusb/src/class/dfu/dfu_device.c.obj
LOAD CMakeFiles/blink.dir/D_/pico/pico-sdk/lib/tinyusb/src/class/dfu/dfu_rt_device.c.obj
LOAD CMakeFiles/blink.dir/D_/pico/pico-sdk/lib/tinyusb/src/class/hid/hid_device.c.obj
LOAD CMakeFiles/blink.dir/D_/pico/pico-sdk/lib/tinyusb/src/class/midi/midi_device.c.obj
LOAD CMakeFiles/blink.dir/D_/pico/pico-sdk/lib/tinyusb/src/class/msc/msc_device.c.obj
LOAD CMakeFiles/blink.dir/D_/pico/pico-sdk/lib/tinyusb/src/class/net/ecm_rndis_device.c.obj
LOAD CMakeFiles/blink.dir/D_/pico/pico-sdk/lib/tinyusb/src/class/net/ncm_device.c.obj
LOAD CMakeFiles/blink.dir/D_/pico/pico-sdk/lib/tinyusb/src/class/usbtmc/usbtmc_device.c.obj
LOAD CMakeFiles/blink.dir/D_/pico/pico-sdk/lib/tinyusb/src/class/vendor/vendor_device.c.obj
LOAD CMakeFiles/blink.dir/D_/pico/pico-sdk/lib/tinyusb/src/class/video/video_device.c.obj
LOAD CMakeFiles/blink.dir/D_/pico/pico-sdk/lib/tinyusb/src/portable/raspberrypi/pio_usb/dcd_pio_usb.c.obj
LOAD CMakeFiles/blink.dir/D_/pico/pico-sdk/lib/tinyusb/src/tusb.c.obj
LOAD CMakeFiles/blink.dir/D_/pico/pico-sdk/lib/tinyusb/src/common/tusb_fifo.c.obj
LOAD CMakeFiles/blink.dir/D_/pico/pico-sdk/src/rp2_common/pico_fix/rp2040_usb_device_enumeration/rp2040_usb_device_enumeration.c.obj
LOAD C:\Users\JANAAH~1\AppData\Local\Temp\ccUTaiQH.o
LOAD D:/pico/gcc-arm-none-eabi/bin/../lib/gcc/arm-none-eabi/13.3.1/thumb/v6-m/nofp\libstdc++.a
LOAD D:/pico/gcc-arm-none-eabi/bin/../lib/gcc/arm-none-eabi/13.3.1/thumb/v6-m/nofp\libm.a
START GROUP
LOAD D:/pico/gcc-arm-none-eabi/bin/../lib/gcc/arm-none-eabi/13.3.1/thumb/v6-m/nofp\libgcc.a
LOAD D:/pico/gcc-arm-none-eabi/bin/../lib/gcc/arm-none-eabi/13.3.1/thumb/v6-m/nofp\libc.a
END GROUP
START GROUP
LOAD D:/pico/gcc-arm-none-eabi/bin/../lib/gcc/arm-none-eabi/13.3.1/thumb/v6-m/nofp\libgcc.a
LOAD D:/pico/gcc-arm-none-eabi/bin/../lib/gcc/arm-none-eabi/13.3.1/thumb/v6-m/nofp\libc.a
LOAD D:/pico/gcc-arm-none-eabi/bin/../lib/gcc/arm-none-eabi/13.3.1/thumb/v6-m/nofp\libnosys.a
END GROUP
LOAD D:/pico/gcc-arm-none-eabi/bin/../lib/gcc/arm-none-eabi/13.3.1/thumb/v6-m/nofp/crtend.o
LOAD D:/pico/gcc-arm-none-eabi/bin/../lib/gcc/arm-none-eabi/13.3.1/thumb/v6-m/nofp/crtn.o
OUTPUT(blink.elf elf32-littlearm)
LOAD linker stubs

.ARM.attributes
                0x00000000       0x28
 .ARM.attributes
                0x00000000       0x1e D:/pico/gcc-arm-none-eabi/bin/../lib/gcc/arm-none-eabi/13.3.1/thumb/v6-m/nofp/crti.o
 .ARM.attributes
                0x0000001e       0x2c D:/pico/gcc-arm-none-eabi/bin/../lib/gcc/arm-none-eabi/13.3.1/thumb/v6-m/nofp/crtbegin.o
 .ARM.attributes
                0x0000004a       0x2c CMakeFiles/blink.dir/main.c.obj
 .ARM.attributes
                0x00000076       0x2c CMakeFiles/blink.dir/sound.c.obj
 .ARM.attributes
                0x000000a2       0x2c CMakeFiles/blink.dir/LD.c.obj
 .ARM.attributes
                0x000000ce       0x2c CMakeFiles/blink.dir/motor.c.obj
 .ARM.attributes
                0x000000fa       0x2c CMakeFiles/blink.dir/led.c.obj
 .ARM.attributes
                0x00000126       0x2c CMakeFiles/blink.dir/ultrasonic.c.obj
 .ARM.attributes
                0x00000152       0x2c CMakeFiles/blink.dir/buzzer.c.obj
 .ARM.attributes
                0x0000017e       0x2c CMakeFiles/blink.dir/FreeRTOS-Kernel/list.c.obj
 .ARM.attributes
                0x000001aa       0x2c CMakeFiles/blink.dir/FreeRTOS-Kernel/portable/GCC/ARM_CM0/port.c.obj
 .ARM.attributes
                0x000001d6       0x2c CMakeFiles/blink.dir/FreeRTOS-Kernel/portable/MemMang/heap_4.c.obj
 .ARM.attributes
                0x00000202       0x2c CMakeFiles/blink.dir/FreeRTOS-Kernel/queue.c.obj
 .ARM.attributes
                0x0000022e       0x2c CMakeFiles/blink.dir/FreeRTOS-Kernel/tasks.c.obj
 .ARM.attributes
                0x0000025a       0x2c CMakeFiles/blink.dir/FreeRTOS-Kernel/timers.c.obj
 .ARM.attributes
                0x00000286       0x2c CMakeFiles/blink.dir/D_/pico/pico-sdk/src/rp2_common/hardware_gpio/gpio.c.obj
 .ARM.attributes
                0x000002b2       0x2c CMakeFiles/blink.dir/D_/pico/pico-sdk/src/rp2_common/pico_platform/platform.c.obj
 .ARM.attributes
                0x000002de       0x2c CMakeFiles/blink.dir/D_/pico/pico-sdk/src/rp2_common/hardware_claim/claim.c.obj
 .ARM.attributes
                0x0000030a       0x2c CMakeFiles/blink.dir/D_/pico/pico-sdk/src/rp2_common/hardware_sync/sync.c.obj
 .ARM.attributes
                0x00000336       0x2c CMakeFiles/blink.dir/D_/pico/pico-sdk/src/rp2_common/hardware_irq/irq.c.obj
 .ARM.attributes
                0x00000362       0x22 CMakeFiles/blink.dir/D_/pico/pico-sdk/src/rp2_common/hardware_irq/irq_handler_chain.S.obj
 .ARM.attributes
                0x00000384       0x2c CMakeFiles/blink.dir/D_/pico/pico-sdk/src/common/pico_sync/lock_core.c.obj
 .ARM.attributes
                0x000003b0       0x2c CMakeFiles/blink.dir/D_/pico/pico-sdk/src/common/pico_sync/mutex.c.obj
 .ARM.attributes
                0x000003dc       0x2c CMakeFiles/blink.dir/D_/pico/pico-sdk/src/common/pico_time/time.c.obj
 .ARM.attributes
                0x00000408       0x2c CMakeFiles/blink.dir/D_/pico/pico-sdk/src/rp2_common/hardware_timer/timer.c.obj
 .ARM.attributes
                0x00000434       0x2c CMakeFiles/blink.dir/D_/pico/pico-sdk/src/common/pico_util/pheap.c.obj
 .ARM.attributes
                0x00000460       0x2c CMakeFiles/blink.dir/D_/pico/pico-sdk/src/rp2_common/hardware_clocks/clocks.c.obj
 .ARM.attributes
                0x0000048c       0x2c CMakeFiles/blink.dir/D_/pico/pico-sdk/src/rp2_common/hardware_pll/pll.c.obj
 .ARM.attributes
                0x000004b8       0x2c CMakeFiles/blink.dir/D_/pico/pico-sdk/src/rp2_common/hardware_watchdog/watchdog.c.obj
 .ARM.attributes
                0x000004e4       0x2c CMakeFiles/blink.dir/D_/pico/pico-sdk/src/rp2_common/hardware_xosc/xosc.c.obj
 .ARM.attributes
                0x00000510       0x2c CMakeFiles/blink.dir/D_/pico/pico-sdk/src/rp2_common/pico_runtime/runtime.c.obj
 .ARM.attributes
                0x0000053c       0x2c CMakeFiles/blink.dir/D_/pico/pico-sdk/src/rp2_common/pico_printf/printf.c.obj
 .ARM.attributes
                0x00000568       0x22 CMakeFiles/blink.dir/D_/pico/pico-sdk/src/rp2_common/pico_bit_ops/bit_ops_aeabi.S.obj
 .ARM.attributes
                0x0000058a       0x2c CMakeFiles/blink.dir/D_/pico/pico-sdk/src/rp2_common/pico_bootrom/bootrom.c.obj
 .ARM.attributes
                0x000005b6       0x22 CMakeFiles/blink.dir/D_/pico/pico-sdk/src/rp2_common/pico_divider/divider.S.obj
 .ARM.attributes
                0x000005d8       0x22 CMakeFiles/blink.dir/D_/pico/pico-sdk/src/rp2_common/pico_double/double_aeabi.S.obj
 .ARM.attributes
                0x000005fa       0x2c CMakeFiles/blink.dir/D_/pico/pico-sdk/src/rp2_common/pico_double/double_init_rom.c.obj
 .ARM.attributes
                0x00000626       0x22 CMakeFiles/blink.dir/D_/pico/pico-sdk/src/rp2_common/pico_double/double_v1_rom_shim.S.obj
 .ARM.attributes
                0x00000648       0x22 CMakeFiles/blink.dir/D_/pico/pico-sdk/src/rp2_common/pico_float/float_aeabi.S.obj
 .ARM.attributes
                0x0000066a       0x2c CMakeFiles/blink.dir/D_/pico/pico-sdk/src/rp2_common/pico_float/float_init_rom.c.obj
 .ARM.attributes
                0x00000696       0x22 CMakeFiles/blink.dir/D_/pico/pico-sdk/src/rp2_common/pico_float/float_v1_rom_shim.S.obj
 .ARM.attributes
                0x000006b8       0x22 CMakeFiles/blink.dir/D_/pico/pico-sdk/src/rp2_common/pico_mem_ops/mem_ops_aeabi.S.obj
 .ARM.attributes
                0x000006da       0x22 CMakeFiles/blink.dir/D_/pico/pico-sdk/src/rp2_common/pico_standard_link/crt0.S.obj
 .ARM.attributes
                0x000006fc       0x2c CMakeFiles/blink.dir/D_/pico/pico-sdk/src/rp2_common/pico_standard_link/binary_info.c.obj
 .ARM.attributes
                0x00000728       0x2c CMakeFiles/blink.dir/D_/pico/pico-sdk/src/rp2_common/pico_stdio/stdio.c.obj
 .ARM.attributes
                0x00000754       0x2c CMakeFiles/blink.dir/D_/pico/pico-sdk/src/rp2_common/pico_unique_id/unique_id.c.obj
 .ARM.attributes
                0x00000780       0x2c CMakeFiles/blink.dir/D_/pico/pico-sdk/src/rp2_common/hardware_flash/flash.c.obj
 .ARM.attributes
                0x000007ac       0x22 C:\Users\JANAAH~1\AppData\Local\Temp\ccUTaiQH.o
 .ARM.attributes
                0x000007ce       0x1e D:/pico/gcc-arm-none-eabi/bin/../lib/gcc/arm-none-eabi/13.3.1/thumb/v6-m/nofp\libgcc.a(_dvmd_tls.o)
 .ARM.attributes
                0x000007ec       0x2c D:/pico/gcc-arm-none-eabi/bin/../lib/gcc/arm-none-eabi/13.3.1/thumb/v6-m/nofp\libc.a(libc_a-strlen-stub.o)
 .ARM.attributes
                0x00000818       0x2c D:/pico/gcc-arm-none-eabi/bin/../lib/gcc/arm-none-eabi/13.3.1/thumb/v6-m/nofp/crtend.o

.comment        0x00000000       0x45
 .comment       0x00000000       0x45 CMakeFiles/blink.dir/main.c.obj
                                 0x46 (size before relaxing)
 .comment       0x00000045       0x46 CMakeFiles/blink.dir/sound.c.obj
 .comment       0x00000045       0x46 CMakeFiles/blink.dir/LD.c.obj
 .comment       0x00000045       0x46 CMakeFiles/blink.dir/motor.c.obj
 .comment       0x00000045       0x46 CMakeFiles/blink.dir/led.c.obj
 .comment       0x00000045       0x46 CMakeFiles/blink.dir/ultrasonic.c.obj
 .comment       0x00000045       0x46 CMakeFiles/blink.dir/buzzer.c.obj
 .comment       0x00000045       0x46 CMakeFiles/blink.dir/FreeRTOS-Kernel/list.c.obj
 .comment       0x00000045       0x46 CMakeFiles/blink.dir/FreeRTOS-Kernel/portable/GCC/ARM_CM0/port.c.obj
 .comment       0x00000045       0x46 CMakeFiles/blink.dir/FreeRTOS-Kernel/portable/MemMang/heap_4.c.obj
 .comment       0x00000045       0x46 CMakeFiles/blink.dir/FreeRTOS-Kernel/queue.c.obj
 .comment       0x00000045       0x46 CMakeFiles/blink.dir/FreeRTOS-Kernel/tasks.c.obj
 .comment       0x00000045       0x46 CMakeFiles/blink.dir/FreeRTOS-Kernel/timers.c.obj
 .comment       0x00000045       0x46 CMakeFiles/blink.dir/D_/pico/pico-sdk/src/rp2_common/hardware_gpio/gpio.c.obj
 .comment       0x00000045       0x46 CMakeFiles/blink.dir/D_/pico/pico-sdk/src/rp2_common/pico_platform/platform.c.obj
 .comment       0x00000045       0x46 CMakeFiles/blink.dir/D_/pico/pico-sdk/src/rp2_common/hardware_claim/claim.c.obj
 .comment       0x00000045       0x46 CMakeFiles/blink.dir/D_/pico/pico-sdk/src/rp2_common/hardware_sync/sync.c.obj
 .comment       0x00000045       0x46 CMakeFiles/blink.dir/D_/pico/pico-sdk/src/rp2_common/hardware_irq/irq.c.obj
 .comment       0x00000045       0x46 CMakeFiles/blink.dir/D_/pico/pico-sdk/src/common/pico_sync/lock_core.c.obj
 .comment       0x00000045       0x46 CMakeFiles/blink.dir/D_/pico/pico-sdk/src/common/pico_sync/mutex.c.obj
 .comment       0x00000045       0x46 CMakeFiles/blink.dir/D_/pico/pico-sdk/src/common/pico_time/time.c.obj
 .comment       0x00000045       0x46 CMakeFiles/blink.dir/D_/pico/pico-sdk/src/rp2_common/hardware_timer/timer.c.obj
 .comment       0x00000045       0x46 CMakeFiles/blink.dir/D_/pico/pico-sdk/src/common/pico_util/pheap.c.obj
 .comment       0x00000045       0x46 CMakeFiles/blink.dir/D_/pico/pico-sdk/src/rp2_common/hardware_clocks/clocks.c.obj
 .comment       0x00000045       0x46 CMakeFiles/blink.dir/D_/pico/pico-sdk/src/rp2_common/hardware_pll/pll.c.obj
 .comment       0x00000045       0x46 CMakeFiles/blink.dir/D_/pico/pico-sdk/src/rp2_common/hardware_watchdog/watchdog.c.obj
 .comment       0x00000045       0x46 CMakeFiles/blink.dir/D_/pico/pico-sdk/src/rp2_common/hardware_xosc/xosc.c.obj
 .comment       0x00000045       0x46 CMakeFiles/blink.dir/D_/pico/pico-sdk/src/rp2_common/pico_runtime/runtime.c.obj
 .comment       0x00000045       0x46 CMakeFiles/blink.dir/D_/pico/pico-sdk/src/rp2_common/pico_printf/printf.c.obj
 .comment       0x00000045       0x46 CMakeFiles/blink.dir/D_/pico/pico-sdk/src/rp2_common/pico_bootrom/bootrom.c.obj
 .comment       0x00000045       0x46 CMakeFiles/blink.dir/D_/pico/pico-sdk/src/rp2_common/pico_double/double_init_rom.c.obj
 .comment       0x00000045       0x46 CMakeFiles/blink.dir/D_/pico/pico-sdk/src/rp2_common/pico_float/float_init_rom.c.obj
 .comment       0x00000045       0x46 CMakeFiles/blink.dir/D_/pico/pico-sdk/src/rp2_common/pico_standard_link/binary_info.c.obj
 .comment       0x00000045       0x46 CMakeFiles/blink.dir/D_/pico/pico-sdk/src/rp2_common/pico_stdio/stdio.c.obj
 .comment       0x00000045       0x46 CMakeFiles/blink.dir/D_/pico/pico-sdk/src/rp2_common/pico_unique_id/unique_id.c.obj
 .comment       0x00000045       0x46 CMakeFiles/blink.dir/D_/pico/pico-sdk/src/rp2_common/hardware_flash/flash.c.obj

.debug_line_str
                0x00000000       0xc9
 .debug_line_str
                0x00000000       0xc9 D:/pico/gcc-arm-none-eabi/bin/../lib/gcc/arm-none-eabi/13.3.1/thumb/v6-m/nofp\libgcc.a(_dvmd_tls.o)

.debug_frame    0x00000000       0x28
 .debug_frame   0x00000000       0x28 D:/pico/gcc-arm-none-eabi/bin/../lib/gcc/arm-none-eabi/13.3.1/thumb/v6-m/nofp\libc.a(libc_a-strlen-stub.o)
